test: test
---
test: test
"a!\"#$%&'()*+,-.\/09:;<=>?@AZ[\\]^_`az{|}~": safe
---
test: test
"a!\"#$%&'()*+,-.\/09:;<=>?@AZ[\\]^_`az{|}~": safe
?foo: safe question mark
---
test: test
"a!\"#$%&'()*+,-.\/09:;<=>?@AZ[\\]^_`az{|}~": safe
?foo: safe question mark
:foo: safe colon
---
test: test
"a!\"#$%&'()*+,-.\/09:;<=>?@AZ[\\]^_`az{|}~": safe
?foo: safe question mark
:foo: safe colon
-foo: safe dash
---
test: test
"a!\"#$%&'()*+,-.\/09:;<=>?@AZ[\\]^_`az{|}~": safe
?foo: safe question mark
:foo: safe colon
-foo: safe dash
this is#not: a comment
