key:
 - foo:
   - - bar:
 - - - false
 - - - false
 - - - false
---
key:
 - pre-foo
 - foo:
   - - bar:
 - - - false
 - - - false
 - - - false
---
key:
 - pre-foo
 - foo:
   - - test
 - - - false
 - - - false
 - - - false
---
key:
 - pre-foo
 - foo:
   - - test
 - - test
   - - false
 - - - false
 - - - false
---
key:
 - pre-foo
 - foo:
   - - test
 - - test
   - - false
 - - - false
 - tail-foo
